// Vitest Snapshot v1, https://vitest.dev/guide/snapshot.html

exports[`EditDocument > should render correctly 1`] = `
<div>
  <div>
    <div
      class="flex w-96 flex-col gap-6 rounded-xl border-2 bg-content1 p-6"
      style="opacity: 0;"
    >
      <div
        class="flex items-center gap-2 text-xl font-bold"
      >
        <span
          data-testid="icon"
        >
          icon
        </span>
        Edit existing document
      </div>
      <div>
        <input
          accept=".json,application/json"
          class="w-full rounded-md border p-2 text-sm outline-none focus:border-black"
          type="file"
        />
      </div>
      <div
        class="self-end"
      >
        <button
          data-color="primary"
          data-isdisabled="true"
          data-isicononly="false"
          data-isinvalid="false"
          data-testid="hero-button"
          disabled=""
          endcontent="[object Object]"
        >
          Edit Document
        </button>
      </div>
    </div>
  </div>
</div>
`;
